


ARM Macro Assembler    Page 1 


    1 00000000                 PRESERVE8
    2 00000000                 THUMB
    3 00000000         
    4 00000000                 EXPORT           CallbackSon
    5 00000000                 EXPORT           SortieSon
    6 00000000         ; ====================== zone de réservation de données,
                         ======================================
    7 00000000         ;Section RAM (read only) :
    8 00000000                 area             mesdata,data,readonly
    9 00000000         
   10 00000000         
   11 00000000         ;Section RAM (read write):
   12 00000000                 area             maram,data,readwrite
   13 00000000         
   14 00000000         
   15 00000000         
   16 00000000         ; ======================================================
                       =========================================
   17 00000000         
   18 00000000         
   19 00000000         ;Section ROM code (read only) :  
   20 00000000                 area             moncode,code,readonly
   21 00000000         ; écrire le code ici  
   22 00000000         
   23 00000000 00 00   SortieSon
                               dcw              0
   24 00000002         
   25 00000002         CallbackSon
                               proc
   26 00000002 E92D 4FF0       push             {r4-r11, lr}
   27 00000006         
   28 00000006         
   29 00000006 E8BD 4FF0       pop              {r4-r11, lr}
   30 0000000A 4770            bx               lr
   31 0000000C                 endp
   32 0000000C                 END
Command Line: --debug --xref --diag_suppress=9931 --cpu=Cortex-M3 --apcs=interw
ork --depend=.\obj\gestionson.d -o.\obj\gestionson.o -I.\RTE\_CibleSondeST -IC:
\Programdata\Keil\Arm\Packs\ARM\CMSIS\5.7.0\CMSIS\Core\Include -IC:\Programdata
\Keil\Arm\Packs\Keil\STM32F1xx_DFP\2.3.0\Device\Include --predefine="__EVAL SET
A 1" --predefine="__MICROLIB SETA 1" --predefine="__UVISION_VERSION SETA 530" -
-predefine="_RTE_ SETA 1" --predefine="STM32F10X_MD SETA 1" --predefine="_RTE_ 
SETA 1" --list=gestionson.lst Src\GestionSon.s



ARM Macro Assembler    Page 1 Alphabetic symbol ordering
Relocatable symbols

mesdata 00000000

Symbol: mesdata
   Definitions
      At line 8 in file Src\GestionSon.s
   Uses
      None
Comment: mesdata unused
1 symbol



ARM Macro Assembler    Page 1 Alphabetic symbol ordering
Relocatable symbols

maram 00000000

Symbol: maram
   Definitions
      At line 12 in file Src\GestionSon.s
   Uses
      None
Comment: maram unused
1 symbol



ARM Macro Assembler    Page 1 Alphabetic symbol ordering
Relocatable symbols

CallbackSon 00000002

Symbol: CallbackSon
   Definitions
      At line 25 in file Src\GestionSon.s
   Uses
      At line 4 in file Src\GestionSon.s
Comment: CallbackSon used once
SortieSon 00000000

Symbol: SortieSon
   Definitions
      At line 23 in file Src\GestionSon.s
   Uses
      At line 5 in file Src\GestionSon.s
Comment: SortieSon used once
moncode 00000000

Symbol: moncode
   Definitions
      At line 20 in file Src\GestionSon.s
   Uses
      None
Comment: moncode unused
3 symbols
340 symbols in table
